2026-07-26 16:11:10,928 [INFO] === Lauf gestartet ===
2026-07-26 16:11:10,929 [WARNING] Keine Spiele in games.json. Erst mit manage_games.py welche hinzufügen.2026-07-26 16:21:22,434 [INFO] === Lauf gestartet ===
2026-07-26 16:21:22,491 [INFO] Prüfe: Resident Evil 4 (2050650)
2026-07-26 16:21:23,008 [INFO]   Erster Datensatz: 9,99 € (-75%)
2026-07-26 16:21:23,008 [INFO] Prüfe: Tom Clancy’s The Division® 2 (2221490)
2026-07-26 16:21:23,522 [INFO]   Erster Datensatz: 29,99 € (-0%)
2026-07-26 16:21:23,523 [INFO] Keine Preisänderungen, keine Nachricht gesendet.
2026-07-26 16:21:23,523 [INFO] === Lauf beendet ===
2026-07-26 16:22:14,931 [INFO] === Lauf gestartet ===
2026-07-26 16:22:14,934 [INFO] Prüfe: Resident Evil 4 (2050650)
2026-07-26 16:22:15,465 [INFO]   Keine Änderung (9,99 €)
2026-07-26 16:22:15,465 [INFO] Prüfe: Tom Clancy’s The Division® 2 (2221490)
2026-07-26 16:22:15,945 [INFO]   Keine Änderung (29,99 €)
2026-07-26 16:22:15,946 [INFO] Keine Preisänderungen, keine Nachricht gesendet.
2026-07-26 16:22:15,946 [INFO] === Lauf beendet ===
2026-07-26 16:40:10,477 [INFO] === Lauf gestartet ===
2026-07-26 16:40:10,480 [INFO] Prüfe: Resident Evil 4 (2050650)
2026-07-26 16:40:11,026 [INFO]   Keine Änderung (9,99 €)
2026-07-26 16:40:11,026 [INFO] Prüfe: Tom Clancy’s The Division® 2 (2221490)
2026-07-26 16:40:11,526 [INFO]   Keine Änderung (29,99 €)
2026-07-26 16:40:11,527 [INFO] Prüfe: Kenshi (233860)
2026-07-26 16:40:12,134 [INFO]   Erster Datensatz: 10,79 € (-60%)
2026-07-26 16:40:12,134 [INFO] Keine Preisänderungen, keine Nachricht gesendet.
2026-07-26 16:40:12,135 [INFO] === Lauf beendet ===
